// Jest Snapshot v1, https://goo.gl/fbAQLP

exports[`Component render testing Line page renders correctly 1`] = `
<DocumentFragment>
  <div
    class="Line"
  />
</DocumentFragment>
`;
