// Jest Snapshot v1, https://goo.gl/fbAQLP

exports[`Component render testing Mission page renders correctly 1`] = `<DocumentFragment />`;
