// Jest Snapshot v1, https://goo.gl/fbAQLP

exports[`Component render testing RocketList page renders correctly 1`] = `<DocumentFragment />`;
