// Jest Snapshot v1, https://goo.gl/fbAQLP

exports[`Component render testing Rocket page renders correctly 1`] = `
<DocumentFragment>
  <div
    class="rocketC"
  >
    <img
      class="rocketImg"
    />
    <div
      class="contentC"
    >
      <h4
        class="rocektName"
      />
      <div
        class="rocketDesc"
      />
      <div
        type="button"
      />
    </div>
  </div>
</DocumentFragment>
`;
